#-----------------------------------------------------------
# Vivado v2020.1 (64-bit)
# SW Build 2902540 on Wed May 27 19:54:49 MDT 2020
# IP Build 2902112 on Wed May 27 22:43:36 MDT 2020
# Start of session at: Wed Dec  9 19:42:11 2020
# Process ID: 2532
# Current directory: C:/Users/Klaudia/Desktop/projekt/fpga_oscillator
# Command line: vivado.exe -gui_launcher_event rodinguilauncherevent5724 C:\Users\Klaudia\Desktop\projekt\fpga_oscillator\projekt.xpr
# Log file: C:/Users/Klaudia/Desktop/projekt/fpga_oscillator/vivado.log
# Journal file: C:/Users/Klaudia/Desktop/projekt/fpga_oscillator\vivado.jou
#-----------------------------------------------------------
start_gui
open_project C:/Users/Klaudia/Desktop/projekt/fpga_oscillator/projekt.xpr
update_compile_order -fileset sources_1
close [ open C:/Users/Klaudia/Desktop/projekt/fpga_oscillator/projekt.srcs/sources_1/new/uart_rx.v w ]
add_files C:/Users/Klaudia/Desktop/projekt/fpga_oscillator/projekt.srcs/sources_1/new/uart_rx.v
update_compile_order -fileset sources_1
update_compile_order -fileset sources_1
update_compile_order -fileset sources_1
